// Jest Snapshot v1, https://goo.gl/fbAQLP

exports[`Storyshots Components/TestComponent Default 1`] = `
<View
  style={
    Array [
      Object {
        "backgroundColor": "green",
      },
      undefined,
    ]
  }
>
  <Text
    accessible={true}
    allowFontScaling={true}
    ellipsizeMode="tail"
  >
    TEST
  </Text>
</View>
`;
